src/components/AIInfluencerGenerator.tsx(384,45): error TS2339: Property 'name' does not exist on type 'SelectedClient'.
src/components/AIInfluencerGenerator.tsx(733,34): error TS2552: Cannot find name 'Download'. Did you mean 'onload'?
src/components/AIInfluencerGenerator.tsx(872,42): error TS2552: Cannot find name 'Download'. Did you mean 'onload'?
src/components/AIInfluencerGenerator.tsx(922,42): error TS2552: Cannot find name 'Download'. Did you mean 'onload'?
src/pages/AdminPage.tsx(13,5): error TS6133: 'Download' is declared but its value is never read.
